Archive member included to satisfy reference by file (symbol)

/usr/lib/gcc/arm-none-eabi/9.2.0/../../../../arm-none-eabi/lib/thumb/v7e-m+fp/hard/libc_nano.a(lib_a-atexit.o)
                              /usr/lib/gcc/arm-none-eabi/9.2.0/../../../../arm-none-eabi/lib/thumb/v7e-m+fp/hard/crt0.o (atexit)
/usr/lib/gcc/arm-none-eabi/9.2.0/../../../../arm-none-eabi/lib/thumb/v7e-m+fp/hard/libc_nano.a(lib_a-exit.o)
                              /usr/lib/gcc/arm-none-eabi/9.2.0/../../../../arm-none-eabi/lib/thumb/v7e-m+fp/hard/crt0.o (exit)
/usr/lib/gcc/arm-none-eabi/9.2.0/../../../../arm-none-eabi/lib/thumb/v7e-m+fp/hard/libc_nano.a(lib_a-fini.o)
                              /usr/lib/gcc/arm-none-eabi/9.2.0/../../../../arm-none-eabi/lib/thumb/v7e-m+fp/hard/crt0.o (__libc_fini_array)
/usr/lib/gcc/arm-none-eabi/9.2.0/../../../../arm-none-eabi/lib/thumb/v7e-m+fp/hard/libc_nano.a(lib_a-impure.o)
                              /usr/lib/gcc/arm-none-eabi/9.2.0/../../../../arm-none-eabi/lib/thumb/v7e-m+fp/hard/libc_nano.a(lib_a-exit.o) (_global_impure_ptr)
/usr/lib/gcc/arm-none-eabi/9.2.0/../../../../arm-none-eabi/lib/thumb/v7e-m+fp/hard/libc_nano.a(lib_a-init.o)
                              /usr/lib/gcc/arm-none-eabi/9.2.0/../../../../arm-none-eabi/lib/thumb/v7e-m+fp/hard/crt0.o (__libc_init_array)
/usr/lib/gcc/arm-none-eabi/9.2.0/../../../../arm-none-eabi/lib/thumb/v7e-m+fp/hard/libc_nano.a(lib_a-memcpy-stub.o)
                              _build/nrf52832_xxaa/nrf_memobj.c.o (memcpy)
/usr/lib/gcc/arm-none-eabi/9.2.0/../../../../arm-none-eabi/lib/thumb/v7e-m+fp/hard/libc_nano.a(lib_a-memset.o)
                              /usr/lib/gcc/arm-none-eabi/9.2.0/../../../../arm-none-eabi/lib/thumb/v7e-m+fp/hard/crt0.o (memset)
/usr/lib/gcc/arm-none-eabi/9.2.0/../../../../arm-none-eabi/lib/thumb/v7e-m+fp/hard/libc_nano.a(lib_a-strlen.o)
                              _build/nrf52832_xxaa/nrf_fprintf_format.c.o (strlen)
/usr/lib/gcc/arm-none-eabi/9.2.0/../../../../arm-none-eabi/lib/thumb/v7e-m+fp/hard/libc_nano.a(lib_a-__atexit.o)
                              /usr/lib/gcc/arm-none-eabi/9.2.0/../../../../arm-none-eabi/lib/thumb/v7e-m+fp/hard/libc_nano.a(lib_a-atexit.o) (__register_exitproc)
/usr/lib/gcc/arm-none-eabi/9.2.0/../../../../arm-none-eabi/lib/thumb/v7e-m+fp/hard/libc_nano.a(lib_a-__call_atexit.o)
                              /usr/lib/gcc/arm-none-eabi/9.2.0/../../../../arm-none-eabi/lib/thumb/v7e-m+fp/hard/libc_nano.a(lib_a-__atexit.o) (__call_exitprocs)
/usr/lib/gcc/arm-none-eabi/9.2.0/../../../../arm-none-eabi/lib/thumb/v7e-m+fp/hard/libnosys.a(_exit.o)
                              /usr/lib/gcc/arm-none-eabi/9.2.0/../../../../arm-none-eabi/lib/thumb/v7e-m+fp/hard/libc_nano.a(lib_a-exit.o) (_exit)

Allocating common symbols
Common symbol       size              file

nrf_nvic_state      0xc               _build/nrf52832_xxaa/app_util_platform.c.o

Discarded input sections

 .text          0x0000000000000000        0x0 /usr/lib/gcc/arm-none-eabi/9.2.0/thumb/v7e-m+fp/hard/crti.o
 .data          0x0000000000000000        0x0 /usr/lib/gcc/arm-none-eabi/9.2.0/thumb/v7e-m+fp/hard/crti.o
 .bss           0x0000000000000000        0x0 /usr/lib/gcc/arm-none-eabi/9.2.0/thumb/v7e-m+fp/hard/crti.o
 .data          0x0000000000000000        0x4 /usr/lib/gcc/arm-none-eabi/9.2.0/thumb/v7e-m+fp/hard/crtbegin.o
 .data          0x0000000000000000        0x0 /usr/lib/gcc/arm-none-eabi/9.2.0/../../../../arm-none-eabi/lib/thumb/v7e-m+fp/hard/crt0.o
 .bss           0x0000000000000000        0x0 /usr/lib/gcc/arm-none-eabi/9.2.0/../../../../arm-none-eabi/lib/thumb/v7e-m+fp/hard/crt0.o
 .ARM.extab     0x0000000000000000        0x0 /usr/lib/gcc/arm-none-eabi/9.2.0/../../../../arm-none-eabi/lib/thumb/v7e-m+fp/hard/crt0.o
 .data          0x0000000000000000        0x0 _build/nrf52832_xxaa/gcc_startup_nrf52.S.o
 .bss           0x0000000000000000        0x0 _build/nrf52832_xxaa/gcc_startup_nrf52.S.o
 .group         0x0000000000000000        0xc _build/nrf52832_xxaa/nrf_log_frontend.c.o
 .group         0x0000000000000000        0xc _build/nrf52832_xxaa/nrf_log_frontend.c.o
 .group         0x0000000000000000        0xc _build/nrf52832_xxaa/nrf_log_frontend.c.o
 .group         0x0000000000000000        0xc _build/nrf52832_xxaa/nrf_log_frontend.c.o
 .group         0x0000000000000000        0xc _build/nrf52832_xxaa/nrf_log_frontend.c.o
 .group         0x0000000000000000        0xc _build/nrf52832_xxaa/nrf_log_frontend.c.o
 .group         0x0000000000000000        0xc _build/nrf52832_xxaa/nrf_log_frontend.c.o
 .group         0x0000000000000000        0xc _build/nrf52832_xxaa/nrf_log_frontend.c.o
 .group         0x0000000000000000        0xc _build/nrf52832_xxaa/nrf_log_frontend.c.o
 .group         0x0000000000000000        0xc _build/nrf52832_xxaa/nrf_log_frontend.c.o
 .group         0x0000000000000000        0xc _build/nrf52832_xxaa/nrf_log_frontend.c.o
 .group         0x0000000000000000        0xc _build/nrf52832_xxaa/nrf_log_frontend.c.o
[...]
Memory Configuration

Name             Origin             Length             Attributes
FLASH            0x0000000000026000 0x000000000005a000 xr
RAM              0x0000000020005968 0x000000000000a698 xrw
*default*        0x0000000000000000 0xffffffffffffffff

Linker script and memory map


.text           0x0000000000026000      0xad8
 *(.isr_vector)
 .isr_vector    0x0000000000026000      0x200 _build/nrf52832_xxaa/gcc_startup_nrf52.S.o
                0x0000000000026000                __isr_vector
 *(.text*)
 .text          0x0000000000026200       0x88 /usr/lib/gcc/arm-none-eabi/9.2.0/thumb/v7e-m+fp/hard/crtbegin.o
 .text          0x0000000000026288       0x68 /usr/lib/gcc/arm-none-eabi/9.2.0/../../../../arm-none-eabi/lib/thumb/v7e-m+fp/hard/crt0.o
                0x0000000000026288                _mainCRTStartup
                0x0000000000026288                _start
 .text          0x00000000000262f0       0x3c _build/nrf52832_xxaa/gcc_startup_nrf52.S.o
                0x00000000000262f0                Reset_Handler
                0x0000000000026318                NMI_Handler
                0x000000000002631a                HardFault_Handler
                0x000000000002631c                MemoryManagement_Handler
                0x000000000002631e                BusFault_Handler
                0x0000000000026320                UsageFault_Handler
                0x0000000000026322                SVC_Handler
                0x0000000000026324                DebugMon_Handler
                0x0000000000026326                PendSV_Handler
                0x0000000000026328                SysTick_Handler
                0x000000000002632a                TIMER2_IRQHandler
                0x000000000002632a                RTC0_IRQHandler
                0x000000000002632a                SWI0_EGU0_IRQHandler
                0x000000000002632a                GPIOTE_IRQHandler
                0x000000000002632a                PWM1_IRQHandler
                0x000000000002632a                POWER_CLOCK_IRQHandler
                0x000000000002632a                RADIO_IRQHandler
                0x000000000002632a                PDM_IRQHandler
                0x000000000002632a                TEMP_IRQHandler
                0x000000000002632a                QDEC_IRQHandler
                0x000000000002632a                TIMER3_IRQHandler
                0x000000000002632a                FPU_IRQHandler
                0x000000000002632a                SPIM0_SPIS0_TWIM0_TWIS0_SPI0_TWI0_IRQHandler
                0x000000000002632a                UARTE0_UART0_IRQHandler
                0x000000000002632a                TIMER4_IRQHandler
                0x000000000002632a                I2S_IRQHandler
                0x000000000002632a                SWI4_EGU4_IRQHandler
                0x000000000002632a                TIMER0_IRQHandler
                0x000000000002632a                TIMER1_IRQHandler
                0x000000000002632a                PWM2_IRQHandler
                0x000000000002632a                ECB_IRQHandler
                0x000000000002632a                SPIM1_SPIS1_TWIM1_TWIS1_SPI1_TWI1_IRQHandler
                0x000000000002632a                Default_Handler
                0x000000000002632a                SAADC_IRQHandler
                0x000000000002632a                CCM_AAR_IRQHandler
                0x000000000002632a                WDT_IRQHandler
                0x000000000002632a                SWI5_EGU5_IRQHandler
                0x000000000002632a                RNG_IRQHandler
                0x000000000002632a                RTC2_IRQHandler
                0x000000000002632a                PWM0_IRQHandler
                0x000000000002632a                SWI3_EGU3_IRQHandler
                0x000000000002632a                RTC1_IRQHandler
                0x000000000002632a                SWI1_EGU1_IRQHandler
                0x000000000002632a                SPIM2_SPIS2_SPI2_IRQHandler
                0x000000000002632a                NFCT_IRQHandler
                0x000000000002632a                MWU_IRQHandler
                0x000000000002632a                COMP_LPCOMP_IRQHandler
 .text.bsp_board_led_invert
                0x000000000002632c       0x24 _build/nrf52832_xxaa/boards.c.o
                0x000000000002632c                bsp_board_led_invert
 .text.bsp_board_init
                0x0000000000026350       0x5c _build/nrf52832_xxaa/boards.c.o
                0x0000000000026350                bsp_board_init
 .text.app_error_handler_bare
                0x00000000000263ac       0x20 _build/nrf52832_xxaa/app_error.c.o
                0x00000000000263ac                app_error_handler_bare
 .text.app_error_fault_handler
                0x00000000000263cc       0x34 _build/nrf52832_xxaa/app_error_weak.c.o
                0x00000000000263cc                app_error_fault_handler
 .text.nrf_section_iter_init
                0x0000000000026400       0x14 _build/nrf52832_xxaa/nrf_section_iter.c.o
                0x0000000000026400                nrf_section_iter_init
 .text.nrf_section_iter_next
                0x0000000000026414       0x18 _build/nrf52832_xxaa/nrf_section_iter.c.o
                0x0000000000026414                nrf_section_iter_next
 .text.startup.main
                0x000000000002642c       0x30 _build/nrf52832_xxaa/main.c.o
                0x000000000002642c                main
 .text.SystemInit
                0x000000000002645c      0x3b4 _build/nrf52832_xxaa/system_nrf52.c.o
                0x000000000002645c                SystemInit
 .text.SWI2_EGU2_IRQHandler
                0x0000000000026810       0x2c _build/nrf52832_xxaa/nrf_sdh.c.o
                0x0000000000026810                SWI2_EGU2_IRQHandler
 .text.sd_evt_get
                0x000000000002683c        0x4 _build/nrf52832_xxaa/nrf_sdh_soc.c.o
 .text.nrf_sdh_soc_evts_poll
                0x0000000000026840       0x4c _build/nrf52832_xxaa/nrf_sdh_soc.c.o
 .text.atexit   0x000000000002688c        0xc /usr/lib/gcc/arm-none-eabi/9.2.0/../../../../arm-none-eabi/lib/thumb/v7e-m+fp/hard/libc_nano.a(lib_a-atexit.o)
                0x000000000002688c                atexit
 .text.exit     0x0000000000026898       0x28 /usr/lib/gcc/arm-none-eabi/9.2.0/../../../../arm-none-eabi/lib/thumb/v7e-m+fp/hard/libc_nano.a(lib_a-exit.o)
                0x0000000000026898                exit
 .text.__libc_fini_array
                0x00000000000268c0       0x28 /usr/lib/gcc/arm-none-eabi/9.2.0/../../../../arm-none-eabi/lib/thumb/v7e-m+fp/hard/libc_nano.a(lib_a-fini.o)
                0x00000000000268c0                __libc_fini_array
 .text.__libc_init_array
                0x00000000000268e8       0x48 /usr/lib/gcc/arm-none-eabi/9.2.0/../../../../arm-none-eabi/lib/thumb/v7e-m+fp/hard/libc_nano.a(lib_a-init.o)
                0x00000000000268e8                __libc_init_array
 .text.memset   0x0000000000026930       0x10 /usr/lib/gcc/arm-none-eabi/9.2.0/../../../../arm-none-eabi/lib/thumb/v7e-m+fp/hard/libc_nano.a(lib_a-memset.o)
                0x0000000000026930                memset
 .text.__register_exitproc
                0x0000000000026940       0x9c /usr/lib/gcc/arm-none-eabi/9.2.0/../../../../arm-none-eabi/lib/thumb/v7e-m+fp/hard/libc_nano.a(lib_a-__atexit.o)
                0x0000000000026940                __register_exitproc
 .text.__call_exitprocs
                0x00000000000269dc       0xa8 /usr/lib/gcc/arm-none-eabi/9.2.0/../../../../arm-none-eabi/lib/thumb/v7e-m+fp/hard/libc_nano.a(lib_a-__call_atexit.o)
                0x00000000000269dc                __call_exitprocs
 .text._exit    0x0000000000026a84        0x4 /usr/lib/gcc/arm-none-eabi/9.2.0/../../../../arm-none-eabi/lib/thumb/v7e-m+fp/hard/libnosys.a(_exit.o)
                0x0000000000026a84                _exit
 *(.init)
 .init          0x0000000000026a88        0x4 /usr/lib/gcc/arm-none-eabi/9.2.0/thumb/v7e-m+fp/hard/crti.o
                0x0000000000026a88                _init
 .init          0x0000000000026a8c        0x8 /usr/lib/gcc/arm-none-eabi/9.2.0/thumb/v7e-m+fp/hard/crtn.o
 *(.fini)
 .fini          0x0000000000026a94        0x4 /usr/lib/gcc/arm-none-eabi/9.2.0/thumb/v7e-m+fp/hard/crti.o
                0x0000000000026a94                _fini
 .fini          0x0000000000026a98        0x8 /usr/lib/gcc/arm-none-eabi/9.2.0/thumb/v7e-m+fp/hard/crtn.o
 *crtbegin.o(.ctors)
 *crtbegin?.o(.ctors)
 *(EXCLUDE_FILE(*crtend.o *crtend?.o) .ctors)
 *(SORT_BY_NAME(.ctors.*))
 *(.ctors)
 *crtbegin.o(.dtors)
 *crtbegin?.o(.dtors)
 *(EXCLUDE_FILE(*crtend.o *crtend?.o) .dtors)
 *(SORT_BY_NAME(.dtors.*))
 *(.dtors)
 *(.rodata*)
 .rodata.m_board_led_list
                0x0000000000026aa0        0x4 _build/nrf52832_xxaa/boards.c.o
 *fill*         0x0000000000026aa4        0xc 
 .rodata.delay_machine_code.8456
                0x0000000000026ab0        0x6 _build/nrf52832_xxaa/main.c.o
 *fill*         0x0000000000026ab6        0x2 
 .rodata.sdh_stack_observers
                0x0000000000026ab8        0xc _build/nrf52832_xxaa/nrf_sdh.c.o
 .rodata.sdh_soc_observers
                0x0000000000026ac4        0xc _build/nrf52832_xxaa/nrf_sdh_soc.c.o
 .rodata._global_impure_ptr
                0x0000000000026ad0        0x4 /usr/lib/gcc/arm-none-eabi/9.2.0/../../../../arm-none-eabi/lib/thumb/v7e-m+fp/hard/libc_nano.a(lib_a-impure.o)
                0x0000000000026ad0                _global_impure_ptr
 *(.eh_frame*)
 .eh_frame      0x0000000000026ad4        0x0 /usr/lib/gcc/arm-none-eabi/9.2.0/thumb/v7e-m+fp/hard/crtbegin.o
 .eh_frame      0x0000000000026ad4        0x4 /usr/lib/gcc/arm-none-eabi/9.2.0/thumb/v7e-m+fp/hard/crtend.o

.glue_7         0x0000000000026ad8        0x0
 .glue_7        0x0000000000026ad8        0x0 linker stubs

.glue_7t        0x0000000000026ad8        0x0
 .glue_7t       0x0000000000026ad8        0x0 linker stubs

.vfp11_veneer   0x0000000000026ad8        0x0
 .vfp11_veneer  0x0000000000026ad8        0x0 linker stubs

.v4_bx          0x0000000000026ad8        0x0
 .v4_bx         0x0000000000026ad8        0x0 linker stubs

.iplt           0x0000000000026ad8        0x0
 .iplt          0x0000000000026ad8        0x0 /usr/lib/gcc/arm-none-eabi/9.2.0/thumb/v7e-m+fp/hard/crtbegin.o

.mem_section_dummy_rom

.sdh_soc_observers
                0x0000000000026ad8        0x0
                0x0000000000026ad8                PROVIDE (__start_sdh_soc_observers = .)
 *(SORT_BY_NAME(.sdh_soc_observers*))
                0x0000000000026ad8                PROVIDE (__stop_sdh_soc_observers = .)

.sdh_state_observers
                0x0000000000026ad8        0x0
                0x0000000000026ad8                PROVIDE (__start_sdh_state_observers = .)
 *(SORT_BY_NAME(.sdh_state_observers*))
                0x0000000000026ad8                PROVIDE (__stop_sdh_state_observers = .)

.sdh_stack_observers
                0x0000000000026ad8        0x8
                0x0000000000026ad8                PROVIDE (__start_sdh_stack_observers = .)
 *(SORT_BY_NAME(.sdh_stack_observers*))
 .sdh_stack_observers0
                0x0000000000026ad8        0x8 _build/nrf52832_xxaa/nrf_sdh_soc.c.o
                0x0000000000026ae0                PROVIDE (__stop_sdh_stack_observers = .)

.sdh_req_observers
                0x0000000000026ae0        0x0
                0x0000000000026ae0                PROVIDE (__start_sdh_req_observers = .)
 *(SORT_BY_NAME(.sdh_req_observers*))
                0x0000000000026ae0                PROVIDE (__stop_sdh_req_observers = .)

.log_const_data
                0x0000000000026ae0        0x0
                [!provide]                        PROVIDE (__start_log_const_data = .)
 *(SORT_BY_NAME(.log_const_data*))
                [!provide]                        PROVIDE (__stop_log_const_data = .)

.log_backends   0x0000000000026ae0        0x0
                [!provide]                        PROVIDE (__start_log_backends = .)
 *(SORT_BY_NAME(.log_backends*))
                [!provide]                        PROVIDE (__stop_log_backends = .)

.nrf_balloc     0x0000000000026ae0        0x0
                [!provide]                        PROVIDE (__start_nrf_balloc = .)
 *(.nrf_balloc)
                [!provide]                        PROVIDE (__stop_nrf_balloc = .)

.ARM.extab
 *(.ARM.extab* .gnu.linkonce.armextab.*)
                0x0000000000026ae0                __exidx_start = .

.ARM.exidx      0x0000000000026ae0        0x8
 *(.ARM.exidx* .gnu.linkonce.armexidx.*)
 .ARM.exidx     0x0000000000026ae0        0x8 /usr/lib/gcc/arm-none-eabi/9.2.0/../../../../arm-none-eabi/lib/thumb/v7e-m+fp/hard/crt0.o
                0x0000000000026ae8                __exidx_end = .
                0x0000000000026ae8                __etext = .

.rel.dyn        0x0000000000026ae8        0x0
 .rel.iplt      0x0000000000026ae8        0x0 /usr/lib/gcc/arm-none-eabi/9.2.0/thumb/v7e-m+fp/hard/crtbegin.o

.data           0x0000000020005968       0x6c load address 0x0000000000026ae8
                0x0000000020005968                __data_start__ = .
 *(vtable)
 *(.data*)
 .data.SystemCoreClock
                0x0000000020005968        0x4 _build/nrf52832_xxaa/system_nrf52.c.o
                0x0000000020005968                SystemCoreClock
 .data.impure_data
                0x000000002000596c       0x60 /usr/lib/gcc/arm-none-eabi/9.2.0/../../../../arm-none-eabi/lib/thumb/v7e-m+fp/hard/libc_nano.a(lib_a-impure.o)
                0x00000000200059cc                . = ALIGN (0x4)
                0x00000000200059cc                PROVIDE (__preinit_array_start = .)
 *(.preinit_array)
                0x00000000200059cc                PROVIDE (__preinit_array_end = .)
                0x00000000200059cc                . = ALIGN (0x4)
                0x00000000200059cc                PROVIDE (__init_array_start = .)
 *(SORT_BY_NAME(.init_array.*))
 *(.init_array)
 .init_array    0x00000000200059cc        0x4 /usr/lib/gcc/arm-none-eabi/9.2.0/thumb/v7e-m+fp/hard/crtbegin.o
                0x00000000200059d0                PROVIDE (__init_array_end = .)
                0x00000000200059d0                . = ALIGN (0x4)
                0x00000000200059d0                PROVIDE (__fini_array_start = .)
 *(SORT_BY_NAME(.fini_array.*))
 *(.fini_array)
 .fini_array    0x00000000200059d0        0x4 /usr/lib/gcc/arm-none-eabi/9.2.0/thumb/v7e-m+fp/hard/crtbegin.o
                0x00000000200059d4                PROVIDE (__fini_array_end = .)
 *(.jcr*)
                0x00000000200059d4                . = ALIGN (0x4)
                0x00000000200059d4                __data_end__ = .
LOAD /usr/lib/gcc/arm-none-eabi/9.2.0/thumb/v7e-m+fp/hard/crti.o
LOAD /usr/lib/gcc/arm-none-eabi/9.2.0/thumb/v7e-m+fp/hard/crtbegin.o
LOAD /usr/lib/gcc/arm-none-eabi/9.2.0/../../../../arm-none-eabi/lib/thumb/v7e-m+fp/hard/crt0.o
LOAD _build/nrf52832_xxaa/gcc_startup_nrf52.S.o
LOAD _build/nrf52832_xxaa/nrf_log_frontend.c.o
LOAD _build/nrf52832_xxaa/nrf_log_str_formatter.c.o
LOAD _build/nrf52832_xxaa/boards.c.o
LOAD _build/nrf52832_xxaa/app_error.c.o
LOAD _build/nrf52832_xxaa/app_error_handler_gcc.c.o
LOAD _build/nrf52832_xxaa/app_error_weak.c.o
LOAD _build/nrf52832_xxaa/app_util_platform.c.o
LOAD _build/nrf52832_xxaa/nrf_assert.c.o
LOAD _build/nrf52832_xxaa/nrf_atomic.c.o
LOAD _build/nrf52832_xxaa/nrf_balloc.c.o
LOAD _build/nrf52832_xxaa/nrf_fprintf.c.o
LOAD _build/nrf52832_xxaa/nrf_fprintf_format.c.o
LOAD _build/nrf52832_xxaa/nrf_memobj.c.o
LOAD _build/nrf52832_xxaa/nrf_ringbuf.c.o
LOAD _build/nrf52832_xxaa/nrf_section_iter.c.o
LOAD _build/nrf52832_xxaa/nrf_strerror.c.o
LOAD _build/nrf52832_xxaa/nrfx_atomic.c.o
LOAD _build/nrf52832_xxaa/main.c.o
LOAD _build/nrf52832_xxaa/system_nrf52.c.o
LOAD _build/nrf52832_xxaa/nrf_sdh.c.o
LOAD _build/nrf52832_xxaa/nrf_sdh_soc.c.o
LOAD /usr/lib/gcc/arm-none-eabi/9.2.0/../../../../arm-none-eabi/lib/thumb/v7e-m+fp/hard/libc_nano.a
LOAD /usr/lib/gcc/arm-none-eabi/9.2.0/../../../../arm-none-eabi/lib/thumb/v7e-m+fp/hard/libnosys.a
LOAD /usr/lib/gcc/arm-none-eabi/9.2.0/../../../../arm-none-eabi/lib/thumb/v7e-m+fp/hard/libm.a
START GROUP
LOAD /usr/lib/gcc/arm-none-eabi/9.2.0/thumb/v7e-m+fp/hard/libgcc.a
LOAD /usr/lib/gcc/arm-none-eabi/9.2.0/../../../../arm-none-eabi/lib/thumb/v7e-m+fp/hard/libg_nano.a
LOAD /usr/lib/gcc/arm-none-eabi/9.2.0/../../../../arm-none-eabi/lib/thumb/v7e-m+fp/hard/libc_nano.a
END GROUP
START GROUP
LOAD /usr/lib/gcc/arm-none-eabi/9.2.0/thumb/v7e-m+fp/hard/libgcc.a
LOAD /usr/lib/gcc/arm-none-eabi/9.2.0/../../../../arm-none-eabi/lib/thumb/v7e-m+fp/hard/libc_nano.a
END GROUP
LOAD /usr/lib/gcc/arm-none-eabi/9.2.0/thumb/v7e-m+fp/hard/crtend.o
LOAD /usr/lib/gcc/arm-none-eabi/9.2.0/thumb/v7e-m+fp/hard/crtn.o
START GROUP
LOAD /usr/lib/gcc/arm-none-eabi/9.2.0/thumb/v7e-m+fp/hard/libgcc.a
LOAD /usr/lib/gcc/arm-none-eabi/9.2.0/../../../../arm-none-eabi/lib/thumb/v7e-m+fp/hard/libc.a
LOAD /usr/lib/gcc/arm-none-eabi/9.2.0/../../../../arm-none-eabi/lib/thumb/v7e-m+fp/hard/libnosys.a
END GROUP

.tm_clone_table
                0x00000000200059d4        0x0 load address 0x0000000000026b54
 .tm_clone_table
                0x00000000200059d4        0x0 /usr/lib/gcc/arm-none-eabi/9.2.0/thumb/v7e-m+fp/hard/crtbegin.o
 .tm_clone_table
                0x00000000200059d4        0x0 /usr/lib/gcc/arm-none-eabi/9.2.0/thumb/v7e-m+fp/hard/crtend.o

.igot.plt       0x00000000200059d4        0x0 load address 0x0000000000026b54
 .igot.plt      0x00000000200059d4        0x0 /usr/lib/gcc/arm-none-eabi/9.2.0/thumb/v7e-m+fp/hard/crtbegin.o
                0x00000000200059d4                . = ALIGN (0x4)

.mem_section_dummy_ram

.log_dynamic_data
                0x00000000200059d4        0x0
                [!provide]                        PROVIDE (__start_log_dynamic_data = .)
 *(SORT_BY_NAME(.log_dynamic_data*))
                [!provide]                        PROVIDE (__stop_log_dynamic_data = .)

.log_filter_data
                0x00000000200059d4        0x0
                [!provide]                        PROVIDE (__start_log_filter_data = .)
 *(SORT_BY_NAME(.log_filter_data*))
                [!provide]                        PROVIDE (__stop_log_filter_data = .)

.bss            0x00000000200059d4       0xac load address 0x0000000000026b54
                0x00000000200059d4                . = ALIGN (0x4)
                0x00000000200059d4                __bss_start__ = .
 *(.bss*)
 .bss           0x00000000200059d4       0x1c /usr/lib/gcc/arm-none-eabi/9.2.0/thumb/v7e-m+fp/hard/crtbegin.o
 .bss._global_atexit0
                0x00000000200059f0       0x8c /usr/lib/gcc/arm-none-eabi/9.2.0/../../../../arm-none-eabi/lib/thumb/v7e-m+fp/hard/libc_nano.a(lib_a-__atexit.o)
 .bss._global_atexit
                0x0000000020005a7c        0x4 /usr/lib/gcc/arm-none-eabi/9.2.0/../../../../arm-none-eabi/lib/thumb/v7e-m+fp/hard/libc_nano.a(lib_a-__call_atexit.o)
                0x0000000020005a7c                _global_atexit
 *(COMMON)
                0x0000000020005a80                . = ALIGN (0x4)
                0x0000000020005a80                __bss_end__ = .

.heap           0x0000000020005a80     0x2000
                0x0000000020005a80                __HeapBase = .
                0x0000000020005a80                __end__ = .
                [!provide]                        PROVIDE (end = .)
 *(.heap*)
 .heap          0x0000000020005a80     0x2000 _build/nrf52832_xxaa/gcc_startup_nrf52.S.o
                0x0000000020007a80                __HeapLimit = .

.stack_dummy    0x0000000020005a80     0x2000
 *(.stack*)
 .stack         0x0000000020005a80     0x2000 _build/nrf52832_xxaa/gcc_startup_nrf52.S.o
                0x0000000020010000                __StackTop = (ORIGIN (RAM) + LENGTH (RAM))
                0x000000002000e000                __StackLimit = (__StackTop - SIZEOF (.stack_dummy))
                0x0000000020010000                PROVIDE (__stack = __StackTop)
                0x0000000000000001                ASSERT ((__StackLimit >= __HeapLimit), region RAM overflowed with stack)
                0x000000000000006c                DataInitFlashUsed = (__bss_start__ - __data_start__)
                0x0000000000000ae8                CodeFlashUsed = (__etext - ORIGIN (FLASH))
                0x0000000000000b54                TotalFlashUsed = (CodeFlashUsed + DataInitFlashUsed)
                0x0000000000000001                ASSERT ((TotalFlashUsed <= LENGTH (FLASH)), region FLASH overflowed with .data and user data)
OUTPUT(_build/nrf52832_xxaa.out elf32-littlearm)

.ARM.attributes
                0x0000000000000000       0x30
 .ARM.attributes
                0x0000000000000000       0x1e /usr/lib/gcc/arm-none-eabi/9.2.0/thumb/v7e-m+fp/hard/crti.o
 .ARM.attributes
                0x000000000000001e       0x34 /usr/lib/gcc/arm-none-eabi/9.2.0/thumb/v7e-m+fp/hard/crtbegin.o
 .ARM.attributes
                0x0000000000000052       0x1c /usr/lib/gcc/arm-none-eabi/9.2.0/../../../../arm-none-eabi/lib/thumb/v7e-m+fp/hard/crt0.o
 .ARM.attributes
                0x000000000000006e       0x20 _build/nrf52832_xxaa/gcc_startup_nrf52.S.o
 .ARM.attributes
                0x000000000000008e       0x34 _build/nrf52832_xxaa/boards.c.o
 .ARM.attributes
                0x00000000000000c2       0x34 _build/nrf52832_xxaa/app_error.c.o
 .ARM.attributes
                0x00000000000000f6       0x34 _build/nrf52832_xxaa/app_error_weak.c.o
 .ARM.attributes
                0x000000000000012a       0x34 _build/nrf52832_xxaa/nrf_section_iter.c.o
 .ARM.attributes
                0x000000000000015e       0x34 _build/nrf52832_xxaa/main.c.o
 .ARM.attributes
                0x0000000000000192       0x34 _build/nrf52832_xxaa/system_nrf52.c.o
 .ARM.attributes
                0x00000000000001c6       0x34 _build/nrf52832_xxaa/nrf_sdh.c.o
 .ARM.attributes
                0x00000000000001fa       0x34 _build/nrf52832_xxaa/nrf_sdh_soc.c.o
 .ARM.attributes
                0x000000000000022e       0x34 /usr/lib/gcc/arm-none-eabi/9.2.0/../../../../arm-none-eabi/lib/thumb/v7e-m+fp/hard/libc_nano.a(lib_a-atexit.o)
 .ARM.attributes
                0x0000000000000262       0x34 /usr/lib/gcc/arm-none-eabi/9.2.0/../../../../arm-none-eabi/lib/thumb/v7e-m+fp/hard/libc_nano.a(lib_a-exit.o)
 .ARM.attributes
                0x0000000000000296       0x34 /usr/lib/gcc/arm-none-eabi/9.2.0/../../../../arm-none-eabi/lib/thumb/v7e-m+fp/hard/libc_nano.a(lib_a-fini.o)
 .ARM.attributes
                0x00000000000002ca       0x32 /usr/lib/gcc/arm-none-eabi/9.2.0/../../../../arm-none-eabi/lib/thumb/v7e-m+fp/hard/libc_nano.a(lib_a-impure.o)
 .ARM.attributes
                0x00000000000002fc       0x34 /usr/lib/gcc/arm-none-eabi/9.2.0/../../../../arm-none-eabi/lib/thumb/v7e-m+fp/hard/libc_nano.a(lib_a-init.o)
 .ARM.attributes
                0x0000000000000330       0x34 /usr/lib/gcc/arm-none-eabi/9.2.0/../../../../arm-none-eabi/lib/thumb/v7e-m+fp/hard/libc_nano.a(lib_a-memset.o)
 .ARM.attributes
                0x0000000000000364       0x34 /usr/lib/gcc/arm-none-eabi/9.2.0/../../../../arm-none-eabi/lib/thumb/v7e-m+fp/hard/libc_nano.a(lib_a-__atexit.o)
 .ARM.attributes
                0x0000000000000398       0x34 /usr/lib/gcc/arm-none-eabi/9.2.0/../../../../arm-none-eabi/lib/thumb/v7e-m+fp/hard/libc_nano.a(lib_a-__call_atexit.o)
 .ARM.attributes
                0x00000000000003cc       0x34 /usr/lib/gcc/arm-none-eabi/9.2.0/../../../../arm-none-eabi/lib/thumb/v7e-m+fp/hard/libnosys.a(_exit.o)
 .ARM.attributes
                0x0000000000000400       0x32 /usr/lib/gcc/arm-none-eabi/9.2.0/thumb/v7e-m+fp/hard/crtend.o
 .ARM.attributes
                0x0000000000000432       0x1e /usr/lib/gcc/arm-none-eabi/9.2.0/thumb/v7e-m+fp/hard/crtn.o

.comment        0x0000000000000000       0x21
 .comment       0x0000000000000000       0x21 /usr/lib/gcc/arm-none-eabi/9.2.0/thumb/v7e-m+fp/hard/crtbegin.o
                                         0x22 (size before relaxing)
 .comment       0x0000000000000021       0x22 _build/nrf52832_xxaa/boards.c.o
 .comment       0x0000000000000021       0x22 _build/nrf52832_xxaa/app_error.c.o
 .comment       0x0000000000000021       0x22 _build/nrf52832_xxaa/app_error_weak.c.o
 .comment       0x0000000000000021       0x22 _build/nrf52832_xxaa/nrf_section_iter.c.o
 .comment       0x0000000000000021       0x22 _build/nrf52832_xxaa/main.c.o
 .comment       0x0000000000000021       0x22 _build/nrf52832_xxaa/system_nrf52.c.o
 .comment       0x0000000000000021       0x22 _build/nrf52832_xxaa/nrf_sdh.c.o
 .comment       0x0000000000000021       0x22 _build/nrf52832_xxaa/nrf_sdh_soc.c.o
 .comment       0x0000000000000021       0x22 /usr/lib/gcc/arm-none-eabi/9.2.0/../../../../arm-none-eabi/lib/thumb/v7e-m+fp/hard/libc_nano.a(lib_a-atexit.o)
 .comment       0x0000000000000021       0x22 /usr/lib/gcc/arm-none-eabi/9.2.0/../../../../arm-none-eabi/lib/thumb/v7e-m+fp/hard/libc_nano.a(lib_a-exit.o)
 .comment       0x0000000000000021       0x22 /usr/lib/gcc/arm-none-eabi/9.2.0/../../../../arm-none-eabi/lib/thumb/v7e-m+fp/hard/libc_nano.a(lib_a-fini.o)
 .comment       0x0000000000000021       0x22 /usr/lib/gcc/arm-none-eabi/9.2.0/../../../../arm-none-eabi/lib/thumb/v7e-m+fp/hard/libc_nano.a(lib_a-impure.o)
 .comment       0x0000000000000021       0x22 /usr/lib/gcc/arm-none-eabi/9.2.0/../../../../arm-none-eabi/lib/thumb/v7e-m+fp/hard/libc_nano.a(lib_a-init.o)
 .comment       0x0000000000000021       0x22 /usr/lib/gcc/arm-none-eabi/9.2.0/../../../../arm-none-eabi/lib/thumb/v7e-m+fp/hard/libc_nano.a(lib_a-memset.o)
 .comment       0x0000000000000021       0x22 /usr/lib/gcc/arm-none-eabi/9.2.0/../../../../arm-none-eabi/lib/thumb/v7e-m+fp/hard/libc_nano.a(lib_a-__atexit.o)
 .comment       0x0000000000000021       0x22 /usr/lib/gcc/arm-none-eabi/9.2.0/../../../../arm-none-eabi/lib/thumb/v7e-m+fp/hard/libc_nano.a(lib_a-__call_atexit.o)
 .comment       0x0000000000000021       0x22 /usr/lib/gcc/arm-none-eabi/9.2.0/../../../../arm-none-eabi/lib/thumb/v7e-m+fp/hard/libnosys.a(_exit.o)
 .comment       0x0000000000000021       0x22 /usr/lib/gcc/arm-none-eabi/9.2.0/thumb/v7e-m+fp/hard/crtend.o

.debug_line     0x0000000000000000     0x561a
 .debug_line    0x0000000000000000       0x84 /usr/lib/gcc/arm-none-eabi/9.2.0/../../../../arm-none-eabi/lib/thumb/v7e-m+fp/hard/crt0.o
 .debug_line    0x0000000000000084       0x86 _build/nrf52832_xxaa/gcc_startup_nrf52.S.o
 .debug_line    0x000000000000010a     0x1052 _build/nrf52832_xxaa/boards.c.o
 .debug_line    0x000000000000115c      0x4f7 _build/nrf52832_xxaa/app_error.c.o
 .debug_line    0x0000000000001653      0x77e _build/nrf52832_xxaa/app_error_weak.c.o
 .debug_line    0x0000000000001dd1      0x534 _build/nrf52832_xxaa/nrf_section_iter.c.o
 .debug_line    0x0000000000002305      0x792 _build/nrf52832_xxaa/main.c.o
 .debug_line    0x0000000000002a97      0x86a _build/nrf52832_xxaa/system_nrf52.c.o
 .debug_line    0x0000000000003301      0xf5a _build/nrf52832_xxaa/nrf_sdh.c.o
 .debug_line    0x000000000000425b      0x74b _build/nrf52832_xxaa/nrf_sdh_soc.c.o
 .debug_line    0x00000000000049a6      0x154 /usr/lib/gcc/arm-none-eabi/9.2.0/../../../../arm-none-eabi/lib/thumb/v7e-m+fp/hard/libc_nano.a(lib_a-atexit.o)
 .debug_line    0x0000000000004afa      0x16e /usr/lib/gcc/arm-none-eabi/9.2.0/../../../../arm-none-eabi/lib/thumb/v7e-m+fp/hard/libc_nano.a(lib_a-exit.o)
 .debug_line    0x0000000000004c68       0xe3 /usr/lib/gcc/arm-none-eabi/9.2.0/../../../../arm-none-eabi/lib/thumb/v7e-m+fp/hard/libc_nano.a(lib_a-fini.o)
 .debug_line    0x0000000000004d4b       0xe4 /usr/lib/gcc/arm-none-eabi/9.2.0/../../../../arm-none-eabi/lib/thumb/v7e-m+fp/hard/libc_nano.a(lib_a-impure.o)
 .debug_line    0x0000000000004e2f      0x140 /usr/lib/gcc/arm-none-eabi/9.2.0/../../../../arm-none-eabi/lib/thumb/v7e-m+fp/hard/libc_nano.a(lib_a-init.o)
 .debug_line    0x0000000000004f6f      0x1c6 /usr/lib/gcc/arm-none-eabi/9.2.0/../../../../arm-none-eabi/lib/thumb/v7e-m+fp/hard/libc_nano.a(lib_a-memset.o)
 .debug_line    0x0000000000005135      0x227 /usr/lib/gcc/arm-none-eabi/9.2.0/../../../../arm-none-eabi/lib/thumb/v7e-m+fp/hard/libc_nano.a(lib_a-__atexit.o)
 .debug_line    0x000000000000535c      0x249 /usr/lib/gcc/arm-none-eabi/9.2.0/../../../../arm-none-eabi/lib/thumb/v7e-m+fp/hard/libc_nano.a(lib_a-__call_atexit.o)
 .debug_line    0x00000000000055a5       0x75 /usr/lib/gcc/arm-none-eabi/9.2.0/../../../../arm-none-eabi/lib/thumb/v7e-m+fp/hard/libnosys.a(_exit.o)

.debug_info     0x0000000000000000     0xcd8d
 .debug_info    0x0000000000000000       0x26 /usr/lib/gcc/arm-none-eabi/9.2.0/../../../../arm-none-eabi/lib/thumb/v7e-m+fp/hard/crt0.o
 .debug_info    0x0000000000000026       0x26 _build/nrf52832_xxaa/gcc_startup_nrf52.S.o
 .debug_info    0x000000000000004c     0x172e _build/nrf52832_xxaa/boards.c.o
 .debug_info    0x000000000000177a      0xbac _build/nrf52832_xxaa/app_error.c.o
 .debug_info    0x0000000000002326      0xf9f _build/nrf52832_xxaa/app_error_weak.c.o
 .debug_info    0x00000000000032c5      0xac1 _build/nrf52832_xxaa/nrf_section_iter.c.o
 .debug_info    0x0000000000003d86      0xb7c _build/nrf52832_xxaa/main.c.o
 .debug_info    0x0000000000004902     0x1277 _build/nrf52832_xxaa/system_nrf52.c.o
 .debug_info    0x0000000000005b79     0x2045 _build/nrf52832_xxaa/nrf_sdh.c.o
 .debug_info    0x0000000000007bbe      0xf5a _build/nrf52832_xxaa/nrf_sdh_soc.c.o
 .debug_info    0x0000000000008b18      0x995 /usr/lib/gcc/arm-none-eabi/9.2.0/../../../../arm-none-eabi/lib/thumb/v7e-m+fp/hard/libc_nano.a(lib_a-atexit.o)
 .debug_info    0x00000000000094ad      0x9e7 /usr/lib/gcc/arm-none-eabi/9.2.0/../../../../arm-none-eabi/lib/thumb/v7e-m+fp/hard/libc_nano.a(lib_a-exit.o)
 .debug_info    0x0000000000009e94      0x102 /usr/lib/gcc/arm-none-eabi/9.2.0/../../../../arm-none-eabi/lib/thumb/v7e-m+fp/hard/libc_nano.a(lib_a-fini.o)
 .debug_info    0x0000000000009f96      0x92a /usr/lib/gcc/arm-none-eabi/9.2.0/../../../../arm-none-eabi/lib/thumb/v7e-m+fp/hard/libc_nano.a(lib_a-impure.o)
 .debug_info    0x000000000000a8c0      0x11a /usr/lib/gcc/arm-none-eabi/9.2.0/../../../../arm-none-eabi/lib/thumb/v7e-m+fp/hard/libc_nano.a(lib_a-init.o)
 .debug_info    0x000000000000a9da      0xec5 /usr/lib/gcc/arm-none-eabi/9.2.0/../../../../arm-none-eabi/lib/thumb/v7e-m+fp/hard/libc_nano.a(lib_a-memset.o)
 .debug_info    0x000000000000b89f      0xa3c /usr/lib/gcc/arm-none-eabi/9.2.0/../../../../arm-none-eabi/lib/thumb/v7e-m+fp/hard/libc_nano.a(lib_a-__atexit.o)
 .debug_info    0x000000000000c2db      0xa0f /usr/lib/gcc/arm-none-eabi/9.2.0/../../../../arm-none-eabi/lib/thumb/v7e-m+fp/hard/libc_nano.a(lib_a-__call_atexit.o)
 .debug_info    0x000000000000ccea       0xa3 /usr/lib/gcc/arm-none-eabi/9.2.0/../../../../arm-none-eabi/lib/thumb/v7e-m+fp/hard/libnosys.a(_exit.o)

.debug_abbrev   0x0000000000000000     0x2631
 .debug_abbrev  0x0000000000000000       0x14 /usr/lib/gcc/arm-none-eabi/9.2.0/../../../../arm-none-eabi/lib/thumb/v7e-m+fp/hard/crt0.o
 .debug_abbrev  0x0000000000000014       0x14 _build/nrf52832_xxaa/gcc_startup_nrf52.S.o
 .debug_abbrev  0x0000000000000028      0x408 _build/nrf52832_xxaa/boards.c.o
 .debug_abbrev  0x0000000000000430      0x276 _build/nrf52832_xxaa/app_error.c.o
 .debug_abbrev  0x00000000000006a6      0x2b2 _build/nrf52832_xxaa/app_error_weak.c.o
 .debug_abbrev  0x0000000000000958      0x206 _build/nrf52832_xxaa/nrf_section_iter.c.o
 .debug_abbrev  0x0000000000000b5e      0x2ba _build/nrf52832_xxaa/main.c.o
 .debug_abbrev  0x0000000000000e18      0x226 _build/nrf52832_xxaa/system_nrf52.c.o
 .debug_abbrev  0x000000000000103e      0x54d _build/nrf52832_xxaa/nrf_sdh.c.o
 .debug_abbrev  0x000000000000158b      0x2e2 _build/nrf52832_xxaa/nrf_sdh_soc.c.o
 .debug_abbrev  0x000000000000186d      0x1f4 /usr/lib/gcc/arm-none-eabi/9.2.0/../../../../arm-none-eabi/lib/thumb/v7e-m+fp/hard/libc_nano.a(lib_a-atexit.o)
 .debug_abbrev  0x0000000000001a61      0x1f6 /usr/lib/gcc/arm-none-eabi/9.2.0/../../../../arm-none-eabi/lib/thumb/v7e-m+fp/hard/libc_nano.a(lib_a-exit.o)
 .debug_abbrev  0x0000000000001c57       0xcf /usr/lib/gcc/arm-none-eabi/9.2.0/../../../../arm-none-eabi/lib/thumb/v7e-m+fp/hard/libc_nano.a(lib_a-fini.o)
 .debug_abbrev  0x0000000000001d26      0x17a /usr/lib/gcc/arm-none-eabi/9.2.0/../../../../arm-none-eabi/lib/thumb/v7e-m+fp/hard/libc_nano.a(lib_a-impure.o)
 .debug_abbrev  0x0000000000001ea0       0xcc /usr/lib/gcc/arm-none-eabi/9.2.0/../../../../arm-none-eabi/lib/thumb/v7e-m+fp/hard/libc_nano.a(lib_a-init.o)
 .debug_abbrev  0x0000000000001f6c      0x1c3 /usr/lib/gcc/arm-none-eabi/9.2.0/../../../../arm-none-eabi/lib/thumb/v7e-m+fp/hard/libc_nano.a(lib_a-memset.o)
 .debug_abbrev  0x000000000000212f      0x261 /usr/lib/gcc/arm-none-eabi/9.2.0/../../../../arm-none-eabi/lib/thumb/v7e-m+fp/hard/libc_nano.a(lib_a-__atexit.o)
 .debug_abbrev  0x0000000000002390      0x237 /usr/lib/gcc/arm-none-eabi/9.2.0/../../../../arm-none-eabi/lib/thumb/v7e-m+fp/hard/libc_nano.a(lib_a-__call_atexit.o)
 .debug_abbrev  0x00000000000025c7       0x6a /usr/lib/gcc/arm-none-eabi/9.2.0/../../../../arm-none-eabi/lib/thumb/v7e-m+fp/hard/libnosys.a(_exit.o)

.debug_aranges  0x0000000000000000      0x320
 .debug_aranges
                0x0000000000000000       0x20 /usr/lib/gcc/arm-none-eabi/9.2.0/../../../../arm-none-eabi/lib/thumb/v7e-m+fp/hard/crt0.o
 .debug_aranges
                0x0000000000000020       0x20 _build/nrf52832_xxaa/gcc_startup_nrf52.S.o
 .debug_aranges
                0x0000000000000040       0x78 _build/nrf52832_xxaa/boards.c.o
 .debug_aranges
                0x00000000000000b8       0x28 _build/nrf52832_xxaa/app_error.c.o
 .debug_aranges
                0x00000000000000e0       0x20 _build/nrf52832_xxaa/app_error_weak.c.o
 .debug_aranges
                0x0000000000000100       0x28 _build/nrf52832_xxaa/nrf_section_iter.c.o
 .debug_aranges
                0x0000000000000128       0x20 _build/nrf52832_xxaa/main.c.o
 .debug_aranges
                0x0000000000000148       0x28 _build/nrf52832_xxaa/system_nrf52.c.o
 .debug_aranges
                0x0000000000000170       0x70 _build/nrf52832_xxaa/nrf_sdh.c.o
 .debug_aranges
                0x00000000000001e0       0x28 _build/nrf52832_xxaa/nrf_sdh_soc.c.o
 .debug_aranges
                0x0000000000000208       0x20 /usr/lib/gcc/arm-none-eabi/9.2.0/../../../../arm-none-eabi/lib/thumb/v7e-m+fp/hard/libc_nano.a(lib_a-atexit.o)
 .debug_aranges
                0x0000000000000228       0x20 /usr/lib/gcc/arm-none-eabi/9.2.0/../../../../arm-none-eabi/lib/thumb/v7e-m+fp/hard/libc_nano.a(lib_a-exit.o)
 .debug_aranges
                0x0000000000000248       0x20 /usr/lib/gcc/arm-none-eabi/9.2.0/../../../../arm-none-eabi/lib/thumb/v7e-m+fp/hard/libc_nano.a(lib_a-fini.o)
 .debug_aranges
                0x0000000000000268       0x18 /usr/lib/gcc/arm-none-eabi/9.2.0/../../../../arm-none-eabi/lib/thumb/v7e-m+fp/hard/libc_nano.a(lib_a-impure.o)
 .debug_aranges
                0x0000000000000280       0x20 /usr/lib/gcc/arm-none-eabi/9.2.0/../../../../arm-none-eabi/lib/thumb/v7e-m+fp/hard/libc_nano.a(lib_a-init.o)
 .debug_aranges
                0x00000000000002a0       0x20 /usr/lib/gcc/arm-none-eabi/9.2.0/../../../../arm-none-eabi/lib/thumb/v7e-m+fp/hard/libc_nano.a(lib_a-memset.o)
 .debug_aranges
                0x00000000000002c0       0x20 /usr/lib/gcc/arm-none-eabi/9.2.0/../../../../arm-none-eabi/lib/thumb/v7e-m+fp/hard/libc_nano.a(lib_a-__atexit.o)
 .debug_aranges
                0x00000000000002e0       0x20 /usr/lib/gcc/arm-none-eabi/9.2.0/../../../../arm-none-eabi/lib/thumb/v7e-m+fp/hard/libc_nano.a(lib_a-__call_atexit.o)
 .debug_aranges
                0x0000000000000300       0x20 /usr/lib/gcc/arm-none-eabi/9.2.0/../../../../arm-none-eabi/lib/thumb/v7e-m+fp/hard/libnosys.a(_exit.o)

.debug_str      0x0000000000000000    0x7424c
 .debug_str     0x0000000000000000       0xa0 /usr/lib/gcc/arm-none-eabi/9.2.0/../../../../arm-none-eabi/lib/thumb/v7e-m+fp/hard/crt0.o
 .debug_str     0x00000000000000a0       0x80 _build/nrf52832_xxaa/gcc_startup_nrf52.S.o
                                         0x8c (size before relaxing)
 .debug_str     0x0000000000000120    0x6dd7b _build/nrf52832_xxaa/boards.c.o
                                      0x6ebd7 (size before relaxing)
 .debug_str     0x000000000006de9b      0x11f _build/nrf52832_xxaa/app_error.c.o
                                      0x60a99 (size before relaxing)
 .debug_str     0x000000000006dfba     0x3c24 _build/nrf52832_xxaa/app_error_weak.c.o
                                      0x6ef11 (size before relaxing)
 .debug_str     0x0000000000071bde      0x25b _build/nrf52832_xxaa/nrf_section_iter.c.o
                                      0x6a531 (size before relaxing)
 .debug_str     0x0000000000071e39       0xb0 _build/nrf52832_xxaa/main.c.o
                                      0x6e743 (size before relaxing)
 .debug_str     0x0000000000071ee9      0x4cd _build/nrf52832_xxaa/system_nrf52.c.o
                                      0x5c559 (size before relaxing)
 .debug_str     0x00000000000723b6      0xc86 _build/nrf52832_xxaa/nrf_sdh.c.o
                                      0x6f8df (size before relaxing)
 .debug_str     0x000000000007303c      0x8e7 _build/nrf52832_xxaa/nrf_sdh_soc.c.o
                                      0x6e898 (size before relaxing)
 .debug_str     0x0000000000073923      0x1f3 /usr/lib/gcc/arm-none-eabi/9.2.0/../../../../arm-none-eabi/lib/thumb/v7e-m+fp/hard/libc_nano.a(lib_a-atexit.o)
                                        0x620 (size before relaxing)
 .debug_str     0x0000000000073b16       0x69 /usr/lib/gcc/arm-none-eabi/9.2.0/../../../../arm-none-eabi/lib/thumb/v7e-m+fp/hard/libc_nano.a(lib_a-exit.o)
                                        0x621 (size before relaxing)
 .debug_str     0x0000000000073b7f       0xcd /usr/lib/gcc/arm-none-eabi/9.2.0/../../../../arm-none-eabi/lib/thumb/v7e-m+fp/hard/libc_nano.a(lib_a-fini.o)
                                        0x1f2 (size before relaxing)
 .debug_str     0x0000000000073c4c       0xa1 /usr/lib/gcc/arm-none-eabi/9.2.0/../../../../arm-none-eabi/lib/thumb/v7e-m+fp/hard/libc_nano.a(lib_a-impure.o)
                                        0x5d5 (size before relaxing)
 .debug_str     0x0000000000073ced       0x90 /usr/lib/gcc/arm-none-eabi/9.2.0/../../../../arm-none-eabi/lib/thumb/v7e-m+fp/hard/libc_nano.a(lib_a-init.o)
                                        0x21c (size before relaxing)
 .debug_str     0x0000000000073d7d      0x301 /usr/lib/gcc/arm-none-eabi/9.2.0/../../../../arm-none-eabi/lib/thumb/v7e-m+fp/hard/libc_nano.a(lib_a-memset.o)
                                        0x8ee (size before relaxing)
 .debug_str     0x000000000007407e       0x82 /usr/lib/gcc/arm-none-eabi/9.2.0/../../../../arm-none-eabi/lib/thumb/v7e-m+fp/hard/libc_nano.a(lib_a-__atexit.o)
                                        0x673 (size before relaxing)
 .debug_str     0x0000000000074100       0x49 /usr/lib/gcc/arm-none-eabi/9.2.0/../../../../arm-none-eabi/lib/thumb/v7e-m+fp/hard/libc_nano.a(lib_a-__call_atexit.o)
                                        0x61e (size before relaxing)
 .debug_str     0x0000000000074149      0x103 /usr/lib/gcc/arm-none-eabi/9.2.0/../../../../arm-none-eabi/lib/thumb/v7e-m+fp/hard/libnosys.a(_exit.o)
                                        0x199 (size before relaxing)

.debug_loc      0x0000000000000000     0x1878
 .debug_loc     0x0000000000000000      0xd67 _build/nrf52832_xxaa/boards.c.o
 .debug_loc     0x0000000000000d67       0xc8 _build/nrf52832_xxaa/app_error.c.o
 .debug_loc     0x0000000000000e2f       0x4a _build/nrf52832_xxaa/app_error_weak.c.o
 .debug_loc     0x0000000000000e79       0x87 _build/nrf52832_xxaa/main.c.o
 .debug_loc     0x0000000000000f00      0x4c7 _build/nrf52832_xxaa/nrf_sdh.c.o
 .debug_loc     0x00000000000013c7       0x97 _build/nrf52832_xxaa/nrf_sdh_soc.c.o
 .debug_loc     0x000000000000145e       0x32 /usr/lib/gcc/arm-none-eabi/9.2.0/../../../../arm-none-eabi/lib/thumb/v7e-m+fp/hard/libc_nano.a(lib_a-atexit.o)
 .debug_loc     0x0000000000001490       0x22 /usr/lib/gcc/arm-none-eabi/9.2.0/../../../../arm-none-eabi/lib/thumb/v7e-m+fp/hard/libc_nano.a(lib_a-exit.o)
 .debug_loc     0x00000000000014b2       0x53 /usr/lib/gcc/arm-none-eabi/9.2.0/../../../../arm-none-eabi/lib/thumb/v7e-m+fp/hard/libc_nano.a(lib_a-fini.o)
 .debug_loc     0x0000000000001505       0x60 /usr/lib/gcc/arm-none-eabi/9.2.0/../../../../arm-none-eabi/lib/thumb/v7e-m+fp/hard/libc_nano.a(lib_a-init.o)
 .debug_loc     0x0000000000001565       0x63 /usr/lib/gcc/arm-none-eabi/9.2.0/../../../../arm-none-eabi/lib/thumb/v7e-m+fp/hard/libc_nano.a(lib_a-memset.o)
 .debug_loc     0x00000000000015c8      0x13b /usr/lib/gcc/arm-none-eabi/9.2.0/../../../../arm-none-eabi/lib/thumb/v7e-m+fp/hard/libc_nano.a(lib_a-__atexit.o)
 .debug_loc     0x0000000000001703      0x160 /usr/lib/gcc/arm-none-eabi/9.2.0/../../../../arm-none-eabi/lib/thumb/v7e-m+fp/hard/libc_nano.a(lib_a-__call_atexit.o)
 .debug_loc     0x0000000000001863       0x15 /usr/lib/gcc/arm-none-eabi/9.2.0/../../../../arm-none-eabi/lib/thumb/v7e-m+fp/hard/libnosys.a(_exit.o)

.debug_ranges   0x0000000000000000     0x1210
 .debug_ranges  0x0000000000000000      0x968 _build/nrf52832_xxaa/boards.c.o
 .debug_ranges  0x0000000000000968       0x18 _build/nrf52832_xxaa/app_error.c.o
 .debug_ranges  0x0000000000000980       0x10 _build/nrf52832_xxaa/app_error_weak.c.o
 .debug_ranges  0x0000000000000990       0x18 _build/nrf52832_xxaa/nrf_section_iter.c.o
 .debug_ranges  0x00000000000009a8       0x10 _build/nrf52832_xxaa/main.c.o
 .debug_ranges  0x00000000000009b8      0x208 _build/nrf52832_xxaa/system_nrf52.c.o
 .debug_ranges  0x0000000000000bc0      0x548 _build/nrf52832_xxaa/nrf_sdh.c.o
 .debug_ranges  0x0000000000001108       0x68 _build/nrf52832_xxaa/nrf_sdh_soc.c.o
 .debug_ranges  0x0000000000001170       0x10 /usr/lib/gcc/arm-none-eabi/9.2.0/../../../../arm-none-eabi/lib/thumb/v7e-m+fp/hard/libc_nano.a(lib_a-atexit.o)
 .debug_ranges  0x0000000000001180       0x10 /usr/lib/gcc/arm-none-eabi/9.2.0/../../../../arm-none-eabi/lib/thumb/v7e-m+fp/hard/libc_nano.a(lib_a-exit.o)
 .debug_ranges  0x0000000000001190       0x10 /usr/lib/gcc/arm-none-eabi/9.2.0/../../../../arm-none-eabi/lib/thumb/v7e-m+fp/hard/libc_nano.a(lib_a-fini.o)
 .debug_ranges  0x00000000000011a0       0x10 /usr/lib/gcc/arm-none-eabi/9.2.0/../../../../arm-none-eabi/lib/thumb/v7e-m+fp/hard/libc_nano.a(lib_a-init.o)
 .debug_ranges  0x00000000000011b0       0x10 /usr/lib/gcc/arm-none-eabi/9.2.0/../../../../arm-none-eabi/lib/thumb/v7e-m+fp/hard/libc_nano.a(lib_a-memset.o)
 .debug_ranges  0x00000000000011c0       0x10 /usr/lib/gcc/arm-none-eabi/9.2.0/../../../../arm-none-eabi/lib/thumb/v7e-m+fp/hard/libc_nano.a(lib_a-__atexit.o)
 .debug_ranges  0x00000000000011d0       0x30 /usr/lib/gcc/arm-none-eabi/9.2.0/../../../../arm-none-eabi/lib/thumb/v7e-m+fp/hard/libc_nano.a(lib_a-__call_atexit.o)
 .debug_ranges  0x0000000000001200       0x10 /usr/lib/gcc/arm-none-eabi/9.2.0/../../../../arm-none-eabi/lib/thumb/v7e-m+fp/hard/libnosys.a(_exit.o)

.debug_macro    0x0000000000000000     0x2e6a
 .debug_macro   0x0000000000000000      0x39b _build/nrf52832_xxaa/boards.c.o
 .debug_macro   0x000000000000039b       0x26 _build/nrf52832_xxaa/boards.c.o
 .debug_macro   0x00000000000003c1      0x3b1 _build/nrf52832_xxaa/boards.c.o
 .debug_macro   0x0000000000000772       0x59 _build/nrf52832_xxaa/boards.c.o
 .debug_macro   0x00000000000007cb       0x1f _build/nrf52832_xxaa/boards.c.o
 .debug_macro   0x00000000000007ea      0x131 _build/nrf52832_xxaa/boards.c.o
 .debug_macro   0x000000000000091b       0x3f _build/nrf52832_xxaa/boards.c.o
 .debug_macro   0x000000000000095a       0x46 _build/nrf52832_xxaa/boards.c.o
 .debug_macro   0x00000000000009a0       0x88 _build/nrf52832_xxaa/boards.c.o
 .debug_macro   0x0000000000000a28       0x3a _build/nrf52832_xxaa/boards.c.o
 .debug_macro   0x0000000000000a62       0x16 _build/nrf52832_xxaa/boards.c.o
 .debug_macro   0x0000000000000a78       0x10 _build/nrf52832_xxaa/boards.c.o
 .debug_macro   0x0000000000000a88       0x10 _build/nrf52832_xxaa/boards.c.o
 .debug_macro   0x0000000000000a98       0xb6 _build/nrf52832_xxaa/boards.c.o
 .debug_macro   0x0000000000000b4e       0x16 _build/nrf52832_xxaa/boards.c.o
 .debug_macro   0x0000000000000b64      0x129 _build/nrf52832_xxaa/boards.c.o
 .debug_macro   0x0000000000000c8d       0x49 _build/nrf52832_xxaa/boards.c.o
 .debug_macro   0x0000000000000cd6       0x8c _build/nrf52832_xxaa/boards.c.o
 .debug_macro   0x0000000000000d62       0x19 _build/nrf52832_xxaa/boards.c.o
 .debug_macro   0x0000000000000d7b       0x1d _build/nrf52832_xxaa/boards.c.o
 .debug_macro   0x0000000000000d98       0x35 _build/nrf52832_xxaa/boards.c.o
 .debug_macro   0x0000000000000dcd       0x7b _build/nrf52832_xxaa/boards.c.o
 .debug_macro   0x0000000000000e48       0x22 _build/nrf52832_xxaa/boards.c.o
 .debug_macro   0x0000000000000e6a       0x40 _build/nrf52832_xxaa/boards.c.o
 .debug_macro   0x0000000000000eaa       0x20 _build/nrf52832_xxaa/boards.c.o
 .debug_macro   0x0000000000000eca       0x16 _build/nrf52832_xxaa/boards.c.o
 .debug_macro   0x0000000000000ee0      0x25a _build/nrf52832_xxaa/boards.c.o
 .debug_macro   0x000000000000113a      0x16d _build/nrf52832_xxaa/boards.c.o
 .debug_macro   0x00000000000012a7      0x22a _build/nrf52832_xxaa/app_error.c.o
 .debug_macro   0x00000000000014d1       0x35 _build/nrf52832_xxaa/app_error.c.o
 .debug_macro   0x0000000000001506       0x97 _build/nrf52832_xxaa/app_error.c.o
 .debug_macro   0x000000000000159d       0xf6 _build/nrf52832_xxaa/app_error.c.o
 .debug_macro   0x0000000000001693      0x37e _build/nrf52832_xxaa/app_error_weak.c.o
 .debug_macro   0x0000000000001a11       0x16 _build/nrf52832_xxaa/app_error_weak.c.o
 .debug_macro   0x0000000000001a27       0x31 _build/nrf52832_xxaa/app_error_weak.c.o
 .debug_macro   0x0000000000001a58       0x16 _build/nrf52832_xxaa/app_error_weak.c.o
 .debug_macro   0x0000000000001a6e       0x55 _build/nrf52832_xxaa/app_error_weak.c.o
 .debug_macro   0x0000000000001ac3      0x17f _build/nrf52832_xxaa/app_error_weak.c.o
 .debug_macro   0x0000000000001c42       0x9a _build/nrf52832_xxaa/app_error_weak.c.o
 .debug_macro   0x0000000000001cdc       0x28 _build/nrf52832_xxaa/app_error_weak.c.o
 .debug_macro   0x0000000000001d04       0x23 _build/nrf52832_xxaa/app_error_weak.c.o
 .debug_macro   0x0000000000001d27       0x1c _build/nrf52832_xxaa/app_error_weak.c.o
 .debug_macro   0x0000000000001d43       0x1c _build/nrf52832_xxaa/app_error_weak.c.o
 .debug_macro   0x0000000000001d5f      0x11b _build/nrf52832_xxaa/app_error_weak.c.o
 .debug_macro   0x0000000000001e7a      0x25b _build/nrf52832_xxaa/nrf_section_iter.c.o
 .debug_macro   0x00000000000020d5       0x11 _build/nrf52832_xxaa/nrf_section_iter.c.o
 .debug_macro   0x00000000000020e6      0x3a5 _build/nrf52832_xxaa/main.c.o
 .debug_macro   0x000000000000248b       0x1c _build/nrf52832_xxaa/main.c.o
 .debug_macro   0x00000000000024a7       0xfc _build/nrf52832_xxaa/system_nrf52.c.o
 .debug_macro   0x00000000000025a3      0x399 _build/nrf52832_xxaa/nrf_sdh.c.o
 .debug_macro   0x000000000000293c       0x2b _build/nrf52832_xxaa/nrf_sdh.c.o
 .debug_macro   0x0000000000002967       0x10 _build/nrf52832_xxaa/nrf_sdh.c.o
 .debug_macro   0x0000000000002977      0x16d _build/nrf52832_xxaa/nrf_sdh.c.o
 .debug_macro   0x0000000000002ae4      0x370 _build/nrf52832_xxaa/nrf_sdh_soc.c.o
 .debug_macro   0x0000000000002e54       0x16 _build/nrf52832_xxaa/nrf_sdh_soc.c.o

.debug_frame    0x0000000000000000      0x4c4
 .debug_frame   0x0000000000000000       0xf4 _build/nrf52832_xxaa/boards.c.o
 .debug_frame   0x00000000000000f4       0x54 _build/nrf52832_xxaa/app_error.c.o
 .debug_frame   0x0000000000000148       0x20 _build/nrf52832_xxaa/app_error_weak.c.o
 .debug_frame   0x0000000000000168       0x30 _build/nrf52832_xxaa/nrf_section_iter.c.o
 .debug_frame   0x0000000000000198       0x2c _build/nrf52832_xxaa/main.c.o
 .debug_frame   0x00000000000001c4       0x40 _build/nrf52832_xxaa/system_nrf52.c.o
 .debug_frame   0x0000000000000204      0x128 _build/nrf52832_xxaa/nrf_sdh.c.o
 .debug_frame   0x000000000000032c       0x40 _build/nrf52832_xxaa/nrf_sdh_soc.c.o
 .debug_frame   0x000000000000036c       0x20 /usr/lib/gcc/arm-none-eabi/9.2.0/../../../../arm-none-eabi/lib/thumb/v7e-m+fp/hard/libc_nano.a(lib_a-atexit.o)
 .debug_frame   0x000000000000038c       0x28 /usr/lib/gcc/arm-none-eabi/9.2.0/../../../../arm-none-eabi/lib/thumb/v7e-m+fp/hard/libc_nano.a(lib_a-exit.o)
 .debug_frame   0x00000000000003b4       0x38 /usr/lib/gcc/arm-none-eabi/9.2.0/../../../../arm-none-eabi/lib/thumb/v7e-m+fp/hard/libc_nano.a(lib_a-fini.o)
 .debug_frame   0x00000000000003ec       0x2c /usr/lib/gcc/arm-none-eabi/9.2.0/../../../../arm-none-eabi/lib/thumb/v7e-m+fp/hard/libc_nano.a(lib_a-init.o)
 .debug_frame   0x0000000000000418       0x20 /usr/lib/gcc/arm-none-eabi/9.2.0/../../../../arm-none-eabi/lib/thumb/v7e-m+fp/hard/libc_nano.a(lib_a-memset.o)
 .debug_frame   0x0000000000000438       0x30 /usr/lib/gcc/arm-none-eabi/9.2.0/../../../../arm-none-eabi/lib/thumb/v7e-m+fp/hard/libc_nano.a(lib_a-__atexit.o)
 .debug_frame   0x0000000000000468       0x3c /usr/lib/gcc/arm-none-eabi/9.2.0/../../../../arm-none-eabi/lib/thumb/v7e-m+fp/hard/libc_nano.a(lib_a-__call_atexit.o)
 .debug_frame   0x00000000000004a4       0x20 /usr/lib/gcc/arm-none-eabi/9.2.0/../../../../arm-none-eabi/lib/thumb/v7e-m+fp/hard/libnosys.a(_exit.o)
